
Circuit 1 cell sg13_lv_pmos and Circuit 2 cell sg13_lv_pmos are black boxes.
Warning: Equate pins:  cell sg13_lv_pmos is a placeholder, treated as a black box.
Warning: Equate pins:  cell sg13_lv_pmos is a placeholder, treated as a black box.

Subcircuit pins:
Circuit 1: sg13_lv_pmos                    |Circuit 2: sg13_lv_pmos                    
-------------------------------------------|-------------------------------------------
1                                          |1                                          
2                                          |2                                          
3                                          |3                                          
4                                          |4                                          
---------------------------------------------------------------------------------------
Cell pin lists are equivalent.
Device classes sg13_lv_pmos and sg13_lv_pmos are equivalent.

Circuit 1 cell sg13_lv_nmos and Circuit 2 cell sg13_lv_nmos are black boxes.
Warning: Equate pins:  cell sg13_lv_nmos is a placeholder, treated as a black box.
Warning: Equate pins:  cell sg13_lv_nmos is a placeholder, treated as a black box.

Subcircuit pins:
Circuit 1: sg13_lv_nmos                    |Circuit 2: sg13_lv_nmos                    
-------------------------------------------|-------------------------------------------
1                                          |1                                          
2                                          |2                                          
3                                          |3                                          
4                                          |4                                          
---------------------------------------------------------------------------------------
Cell pin lists are equivalent.
Device classes sg13_lv_nmos and sg13_lv_nmos are equivalent.

Circuit 1 cell rhigh and Circuit 2 cell rhigh are black boxes.
Warning: Equate pins:  cell rhigh is a placeholder, treated as a black box.
Warning: Equate pins:  cell rhigh is a placeholder, treated as a black box.

Subcircuit pins:
Circuit 1: rhigh                           |Circuit 2: rhigh                           
-------------------------------------------|-------------------------------------------
1                                          |1                                          
2                                          |2                                          
3                                          |3                                          
---------------------------------------------------------------------------------------
Cell pin lists are equivalent.
Device classes rhigh and rhigh are equivalent.

Circuit 1 cell cap_cmim and Circuit 2 cell cap_cmim are black boxes.
Warning: Equate pins:  cell cap_cmim is a placeholder, treated as a black box.
Warning: Equate pins:  cell cap_cmim is a placeholder, treated as a black box.

Subcircuit pins:
Circuit 1: cap_cmim                        |Circuit 2: cap_cmim                        
-------------------------------------------|-------------------------------------------
1                                          |1                                          
2                                          |2                                          
---------------------------------------------------------------------------------------
Cell pin lists are equivalent.
Device classes cap_cmim and cap_cmim are equivalent.

Subcircuit summary:
Circuit 1: sg13g2_dfrbpq_1                 |Circuit 2: sg13g2_dfrbpq_1                 
-------------------------------------------|-------------------------------------------
sg13_lv_pmos (16)                          |sg13_lv_pmos (16)                          
sg13_lv_nmos (16)                          |sg13_lv_nmos (16)                          
Number of devices: 32                      |Number of devices: 32                      
Number of nets: 21                         |Number of nets: 21                         
---------------------------------------------------------------------------------------
Netlists match uniquely with property errors.
sg13_lv_nmos:17 vs. sg13_lv_nmos:M1:
Property mm_ok in circuit2 has no matching property in circuit1
sg13_lv_nmos:17 vs. sg13_lv_nmos:M1:
Property mm_ok in circuit2 has no matching property in circuit1
sg13_lv_nmos:21 vs. sg13_lv_nmos:M3:
Property mm_ok in circuit2 has no matching property in circuit1
sg13_lv_nmos:21 vs. sg13_lv_nmos:M3:
Property mm_ok in circuit2 has no matching property in circuit1
sg13_lv_nmos:10 vs. sg13_lv_nmos:M4:
Property mm_ok in circuit2 has no matching property in circuit1
sg13_lv_nmos:10 vs. sg13_lv_nmos:M4:
Property mm_ok in circuit2 has no matching property in circuit1
sg13_lv_nmos:4 vs. sg13_lv_nmos:M5:
Property mm_ok in circuit2 has no matching property in circuit1
sg13_lv_nmos:4 vs. sg13_lv_nmos:M5:
Property mm_ok in circuit2 has no matching property in circuit1
sg13_lv_nmos:29 vs. sg13_lv_nmos:M7:
Property mm_ok in circuit2 has no matching property in circuit1
sg13_lv_nmos:29 vs. sg13_lv_nmos:M7:
Property mm_ok in circuit2 has no matching property in circuit1
sg13_lv_nmos:31 vs. sg13_lv_nmos:M8:
Property mm_ok in circuit2 has no matching property in circuit1
sg13_lv_nmos:31 vs. sg13_lv_nmos:M8:
Property mm_ok in circuit2 has no matching property in circuit1
sg13_lv_nmos:6 vs. sg13_lv_nmos:M9:
Property mm_ok in circuit2 has no matching property in circuit1
sg13_lv_nmos:6 vs. sg13_lv_nmos:M9:
Property mm_ok in circuit2 has no matching property in circuit1
sg13_lv_nmos:9 vs. sg13_lv_nmos:M10:
Property mm_ok in circuit2 has no matching property in circuit1
sg13_lv_nmos:9 vs. sg13_lv_nmos:M10:
Property mm_ok in circuit2 has no matching property in circuit1
sg13_lv_nmos:25 vs. sg13_lv_nmos:M11:
Property mm_ok in circuit2 has no matching property in circuit1
sg13_lv_nmos:25 vs. sg13_lv_nmos:M11:
Property mm_ok in circuit2 has no matching property in circuit1
sg13_lv_nmos:28 vs. sg13_lv_nmos:M12:
Property mm_ok in circuit2 has no matching property in circuit1
sg13_lv_nmos:28 vs. sg13_lv_nmos:M12:
Property mm_ok in circuit2 has no matching property in circuit1
sg13_lv_nmos:26 vs. sg13_lv_nmos:M13:
Property mm_ok in circuit2 has no matching property in circuit1
sg13_lv_nmos:26 vs. sg13_lv_nmos:M13:
Property mm_ok in circuit2 has no matching property in circuit1
sg13_lv_nmos:14 vs. sg13_lv_nmos:M6:
Property mm_ok in circuit2 has no matching property in circuit1
sg13_lv_nmos:14 vs. sg13_lv_nmos:M6:
Property mm_ok in circuit2 has no matching property in circuit1
sg13_lv_nmos:2 vs. sg13_lv_nmos:M14:
Property mm_ok in circuit2 has no matching property in circuit1
sg13_lv_nmos:2 vs. sg13_lv_nmos:M14:
Property mm_ok in circuit2 has no matching property in circuit1
sg13_lv_nmos:1 vs. sg13_lv_nmos:M2:
Property mm_ok in circuit2 has no matching property in circuit1
sg13_lv_nmos:1 vs. sg13_lv_nmos:M2:
Property mm_ok in circuit2 has no matching property in circuit1
sg13_lv_nmos:12 vs. sg13_lv_nmos:M15:
Property mm_ok in circuit2 has no matching property in circuit1
sg13_lv_nmos:12 vs. sg13_lv_nmos:M15:
Property mm_ok in circuit2 has no matching property in circuit1
sg13_lv_nmos:24 vs. sg13_lv_nmos:M16:
Property mm_ok in circuit2 has no matching property in circuit1
sg13_lv_nmos:24 vs. sg13_lv_nmos:M16:
Property mm_ok in circuit2 has no matching property in circuit1
sg13_lv_pmos:7 vs. sg13_lv_pmos:M18:
Property mm_ok in circuit2 has no matching property in circuit1
sg13_lv_pmos:7 vs. sg13_lv_pmos:M18:
Property mm_ok in circuit2 has no matching property in circuit1
sg13_lv_pmos:22 vs. sg13_lv_pmos:M19:
Property mm_ok in circuit2 has no matching property in circuit1
sg13_lv_pmos:22 vs. sg13_lv_pmos:M19:
Property mm_ok in circuit2 has no matching property in circuit1
sg13_lv_pmos:18 vs. sg13_lv_pmos:M20:
Property mm_ok in circuit2 has no matching property in circuit1
sg13_lv_pmos:18 vs. sg13_lv_pmos:M20:
Property mm_ok in circuit2 has no matching property in circuit1
sg13_lv_pmos:19 vs. sg13_lv_pmos:M21:
Property mm_ok in circuit2 has no matching property in circuit1
sg13_lv_pmos:19 vs. sg13_lv_pmos:M21:
Property mm_ok in circuit2 has no matching property in circuit1
sg13_lv_pmos:23 vs. sg13_lv_pmos:M22:
Property mm_ok in circuit2 has no matching property in circuit1
sg13_lv_pmos:23 vs. sg13_lv_pmos:M22:
Property mm_ok in circuit2 has no matching property in circuit1
sg13_lv_pmos:11 vs. sg13_lv_pmos:M17:
Property mm_ok in circuit2 has no matching property in circuit1
sg13_lv_pmos:11 vs. sg13_lv_pmos:M17:
Property mm_ok in circuit2 has no matching property in circuit1
sg13_lv_pmos:15 vs. sg13_lv_pmos:M23:
Property mm_ok in circuit2 has no matching property in circuit1
sg13_lv_pmos:15 vs. sg13_lv_pmos:M23:
Property mm_ok in circuit2 has no matching property in circuit1
sg13_lv_pmos:16 vs. sg13_lv_pmos:M24:
Property mm_ok in circuit2 has no matching property in circuit1
sg13_lv_pmos:16 vs. sg13_lv_pmos:M24:
Property mm_ok in circuit2 has no matching property in circuit1
sg13_lv_pmos:8 vs. sg13_lv_pmos:M25:
Property mm_ok in circuit2 has no matching property in circuit1
sg13_lv_pmos:8 vs. sg13_lv_pmos:M25:
Property mm_ok in circuit2 has no matching property in circuit1
sg13_lv_pmos:13 vs. sg13_lv_pmos:M26:
Property mm_ok in circuit2 has no matching property in circuit1
sg13_lv_pmos:13 vs. sg13_lv_pmos:M26:
Property mm_ok in circuit2 has no matching property in circuit1
sg13_lv_pmos:5 vs. sg13_lv_pmos:M27:
Property mm_ok in circuit2 has no matching property in circuit1
sg13_lv_pmos:5 vs. sg13_lv_pmos:M27:
Property mm_ok in circuit2 has no matching property in circuit1
sg13_lv_pmos:27 vs. sg13_lv_pmos:M28:
Property mm_ok in circuit2 has no matching property in circuit1
sg13_lv_pmos:27 vs. sg13_lv_pmos:M28:
Property mm_ok in circuit2 has no matching property in circuit1
sg13_lv_pmos:3 vs. sg13_lv_pmos:M29:
Property mm_ok in circuit2 has no matching property in circuit1
sg13_lv_pmos:3 vs. sg13_lv_pmos:M29:
Property mm_ok in circuit2 has no matching property in circuit1
sg13_lv_pmos:0 vs. sg13_lv_pmos:M30:
Property mm_ok in circuit2 has no matching property in circuit1
sg13_lv_pmos:0 vs. sg13_lv_pmos:M30:
Property mm_ok in circuit2 has no matching property in circuit1
sg13_lv_pmos:30 vs. sg13_lv_pmos:M31:
Property mm_ok in circuit2 has no matching property in circuit1
sg13_lv_pmos:30 vs. sg13_lv_pmos:M31:
Property mm_ok in circuit2 has no matching property in circuit1
sg13_lv_pmos:20 vs. sg13_lv_pmos:M32:
Property mm_ok in circuit2 has no matching property in circuit1
sg13_lv_pmos:20 vs. sg13_lv_pmos:M32:
Property mm_ok in circuit2 has no matching property in circuit1

Subcircuit pins:
Circuit 1: sg13g2_dfrbpq_1                 |Circuit 2: sg13g2_dfrbpq_1                 
-------------------------------------------|-------------------------------------------
D                                          |D                                          
Q                                          |Q                                          
CLK                                        |CLK                                        
VSS                                        |VSS                                        
RESET_B                                    |RESET_B                                    
VDD                                        |VDD                                        
---------------------------------------------------------------------------------------
Cell pin lists are equivalent.
Device classes sg13g2_dfrbpq_1 and sg13g2_dfrbpq_1 are equivalent.

Subcircuit summary:
Circuit 1: sg13g2_and2_1                   |Circuit 2: sg13g2_and2_1                   
-------------------------------------------|-------------------------------------------
sg13_lv_pmos (3)                           |sg13_lv_pmos (3)                           
sg13_lv_nmos (3)                           |sg13_lv_nmos (3)                           
Number of devices: 6                       |Number of devices: 6                       
Number of nets: 7                          |Number of nets: 7                          
---------------------------------------------------------------------------------------
Netlists match uniquely with property errors.
sg13_lv_nmos:5 vs. sg13_lv_nmos:M2:
Property mm_ok in circuit2 has no matching property in circuit1
sg13_lv_nmos:5 vs. sg13_lv_nmos:M2:
Property mm_ok in circuit2 has no matching property in circuit1
sg13_lv_nmos:4 vs. sg13_lv_nmos:M1:
Property mm_ok in circuit2 has no matching property in circuit1
sg13_lv_nmos:4 vs. sg13_lv_nmos:M1:
Property mm_ok in circuit2 has no matching property in circuit1
sg13_lv_nmos:1 vs. sg13_lv_nmos:M3:
Property mm_ok in circuit2 has no matching property in circuit1
sg13_lv_nmos:1 vs. sg13_lv_nmos:M3:
Property mm_ok in circuit2 has no matching property in circuit1
sg13_lv_pmos:3 vs. sg13_lv_pmos:M4:
Property mm_ok in circuit2 has no matching property in circuit1
sg13_lv_pmos:3 vs. sg13_lv_pmos:M4:
Property mm_ok in circuit2 has no matching property in circuit1
sg13_lv_pmos:2 vs. sg13_lv_pmos:M5:
Property mm_ok in circuit2 has no matching property in circuit1
sg13_lv_pmos:2 vs. sg13_lv_pmos:M5:
Property mm_ok in circuit2 has no matching property in circuit1
sg13_lv_pmos:0 vs. sg13_lv_pmos:M6:
Property mm_ok in circuit2 has no matching property in circuit1
sg13_lv_pmos:0 vs. sg13_lv_pmos:M6:
Property mm_ok in circuit2 has no matching property in circuit1

Subcircuit pins:
Circuit 1: sg13g2_and2_1                   |Circuit 2: sg13g2_and2_1                   
-------------------------------------------|-------------------------------------------
VDD                                        |VDD                                        
VSS                                        |VSS                                        
B                                          |B                                          
A                                          |A                                          
X                                          |X                                          
---------------------------------------------------------------------------------------
Cell pin lists are equivalent.
Device classes sg13g2_and2_1 and sg13g2_and2_1 are equivalent.

Subcircuit summary:
Circuit 1: sg13g2_inv_1                    |Circuit 2: sg13g2_inv_1                    
-------------------------------------------|-------------------------------------------
sg13_lv_pmos (1)                           |sg13_lv_pmos (1)                           
sg13_lv_nmos (1)                           |sg13_lv_nmos (1)                           
Number of devices: 2                       |Number of devices: 2                       
Number of nets: 4                          |Number of nets: 4                          
---------------------------------------------------------------------------------------
Netlists match uniquely with property errors.
sg13_lv_nmos:1 vs. sg13_lv_nmos:M1:
Property mm_ok in circuit2 has no matching property in circuit1
sg13_lv_nmos:1 vs. sg13_lv_nmos:M1:
Property mm_ok in circuit2 has no matching property in circuit1
sg13_lv_pmos:0 vs. sg13_lv_pmos:M2:
Property mm_ok in circuit2 has no matching property in circuit1
sg13_lv_pmos:0 vs. sg13_lv_pmos:M2:
Property mm_ok in circuit2 has no matching property in circuit1

Subcircuit pins:
Circuit 1: sg13g2_inv_1                    |Circuit 2: sg13g2_inv_1                    
-------------------------------------------|-------------------------------------------
Y                                          |Y                                          
A                                          |A                                          
VSS                                        |VSS                                        
VDD                                        |VDD                                        
---------------------------------------------------------------------------------------
Cell pin lists are equivalent.
Device classes sg13g2_inv_1 and sg13g2_inv_1 are equivalent.
Flattening unmatched subcell rhigh_R1_snake in circuit pll_analog (0)(1 instance)
Flattening unmatched subcell sg13_lv_pmos_NJKCVT in circuit pll_analog (0)(8 instances)
Flattening unmatched subcell rhigh_R2_snake in circuit pll_analog (0)(1 instance)
Flattening unmatched subcell sg13_lv_nmos_RUYN9Y in circuit pll_analog (0)(8 instances)
Flattening unmatched subcell sg13_lv_pmos_ESLPQL in circuit pll_analog (0)(2 instances)
Flattening unmatched subcell sg13_lv_nmos_VQD2M8 in circuit pll_analog (0)(1 instance)
Flattening unmatched subcell sg13_lv_pmos_XN8759 in circuit pll_analog (0)(1 instance)
Flattening unmatched subcell sg13_lv_nmos_WRM2S2 in circuit pll_analog (0)(3 instances)
Flattening unmatched subcell cap_cmim_4SFK5Q in circuit pll_analog (0)(1 instance)
Flattening unmatched subcell cap_cmim_ZNKAVF in circuit pll_analog (0)(1 instance)

Cell pll_analog (0) disconnected node: out
Class pll_analog (0):  Merged 5 parallel devices.
Cell pll_analog (0) disconnected node: out
Subcircuit summary:
Circuit 1: pll_analog                      |Circuit 2: pll_top                         
-------------------------------------------|-------------------------------------------
sg13g2_dfrbpq_1 (2)                        |sg13g2_dfrbpq_1 (2)                        
sg13g2_and2_1 (1)                          |sg13g2_and2_1 (1)                          
sg13g2_inv_1 (1)                           |sg13g2_inv_1 (1)                           
rhigh (2)                                  |rhigh (2)                                  
sg13_lv_pmos (11->9)                       |sg13_lv_pmos (11) **Mismatch**             
sg13_lv_nmos (12->10)                      |sg13_lv_nmos (12) **Mismatch**             
cap_cmim (2->1)                            |cap_cmim (2) **Mismatch**                  
Number of devices: 26 **Mismatch**         |Number of devices: 31 **Mismatch**         
Number of nets: 41 **Mismatch**            |Number of nets: 25 **Mismatch**            
---------------------------------------------------------------------------------------
NET mismatches: Class fragments follow (with fanout counts):
Circuit 1: pll_analog                      |Circuit 2: pll_top                         

---------------------------------------------------------------------------------------
Net: XMn4/D                                |Net: net4                                  
  sg13_lv_nmos/(1|3) = 1                   |  sg13_lv_pmos/(1|3) = 2                   
                                           |  sg13_lv_pmos/4 = 1                       
                                           |                                           
Net: XMp1/G                                |Net: net3                                  
  sg13_lv_pmos/2 = 1                       |  sg13_lv_nmos/(1|3) = 2                   
                                           |  sg13_lv_nmos/4 = 1                       
                                           |                                           
Net: XMp2/G                                |Net: net11                                 
  sg13_lv_pmos/2 = 1                       |  sg13_lv_pmos/(1|3) = 2                   
                                           |                                           
Net: XMp2/D                                |Net: net13                                 
  sg13_lv_pmos/(1|3) = 1                   |  sg13_lv_pmos/(1|3) = 2                   
                                           |                                           
Net: XMp2/S                                |Net: net14                                 
  sg13_lv_pmos/(1|3) = 1                   |  sg13_lv_pmos/(1|3) = 2                   
                                           |                                           
Net: XMp4/D                                |Net: net5                                  
  sg13_lv_pmos/(1|3) = 1                   |  sg13_lv_nmos/(1|3) = 2                   
                                           |                                           
Net: XMp5/D                                |Net: net8                                  
  sg13_lv_pmos/(1|3) = 1                   |  sg13_lv_nmos/(1|3) = 2                   
                                           |                                           
Net: XM3/D                                 |Net: net10                                 
  sg13_lv_pmos/(1|3) = 1                   |  sg13_lv_nmos/(1|3) = 2                   
                                           |                                           
Net: XMn1/D                                |Net: net15                                 
  sg13_lv_nmos/(1|3) = 1                   |  cap_cmim/1 = 1                           
                                           |  rhigh/(1|2) = 1                          
                                           |                                           
Net: XMn1/S                                |Net: out                                   
  sg13_lv_nmos/(1|3) = 1                   |  sg13_lv_pmos/(1|3) = 1                   
                                           |  sg13_lv_nmos/(1|3) = 1                   
                                           |                                           
Net: XMn2/D                                |Net: net7                                  
  sg13_lv_nmos/(1|3) = 1                   |  sg13_lv_pmos/2 = 1                       
                                           |  sg13_lv_nmos/2 = 1                       
                                           |  sg13_lv_pmos/(1|3) = 1                   
                                           |  sg13_lv_nmos/(1|3) = 1                   
                                           |                                           
Net: XMn2/S                                |Net: net9                                  
  sg13_lv_nmos/(1|3) = 1                   |  sg13_lv_pmos/2 = 1                       
                                           |  sg13_lv_nmos/2 = 1                       
                                           |  sg13_lv_pmos/(1|3) = 1                   
                                           |  sg13_lv_nmos/(1|3) = 1                   
                                           |                                           
Net: VPWR                                  |Net: VPWR                                  
  sg13g2_dfrbpq_1/VDD = 2                  |  sg13g2_dfrbpq_1/VDD = 2                  
  sg13g2_dfrbpq_1/D = 2                    |  sg13g2_dfrbpq_1/D = 2                    
  sg13g2_and2_1/VDD = 1                    |  sg13g2_and2_1/VDD = 1                    
  sg13g2_inv_1/VDD = 1                     |  sg13g2_inv_1/VDD = 1                     
  rhigh/(1|2) = 2                          |  rhigh/(1|2) = 1                          
  sg13_lv_pmos/(1|3) = 5                   |  sg13_lv_pmos/(1|3) = 7                   
                                           |  sg13_lv_pmos/4 = 10                      
                                           |                                           
Net: VGND                                  |Net: VGND                                  
  sg13g2_dfrbpq_1/VSS = 2                  |  sg13g2_dfrbpq_1/VSS = 2                  
  sg13g2_and2_1/VSS = 1                    |  sg13g2_and2_1/VSS = 1                    
  sg13g2_inv_1/VSS = 1                     |  sg13g2_inv_1/VSS = 1                     
  rhigh/3 = 2                              |  rhigh/3 = 2                              
  sg13_lv_nmos/4 = 10                      |  sg13_lv_nmos/4 = 11                      
  sg13_lv_nmos/(1|3) = 8                   |  sg13_lv_nmos/(1|3) = 8                   
  cap_cmim/2 = 1                           |  cap_cmim/2 = 2                           
                                           |                                           
Net: XMn1/G                                |Net: vctrl                                 
  sg13_lv_nmos/2 = 1                       |  sg13_lv_nmos/(1|3) = 1                   
                                           |  sg13_lv_pmos/(1|3) = 1                   
                                           |  rhigh/(1|2) = 1                          
                                           |  cap_cmim/1 = 1                           
                                           |  sg13_lv_nmos/2 = 4                       
                                           |                                           
Net: XMn7/D                                |Net: net6                                  
  sg13_lv_nmos/(1|3) = 1                   |  sg13_lv_pmos/(1|3) = 1                   
                                           |  sg13_lv_nmos/(1|3) = 1                   
                                           |  sg13_lv_pmos/2 = 2                       
                                           |  sg13_lv_nmos/2 = 2                       
                                           |                                           
Net: XC1/C1                                |Net: net12                                 
  cap_cmim/1 = 1                           |  sg13_lv_pmos/2 = 4                       
                                           |  sg13_lv_pmos/(1|3) = 1                   
                                           |  sg13_lv_nmos/(1|3) = 1                   
                                           |                                           
Net: sg13_lv_pmos_NJKCVT:XMp1/w_n155_n174# |(no matching net)                          
  sg13_lv_pmos/4 = 1                       |                                           
                                           |                                           
Net: sg13_lv_pmos_NJKCVT:XMp2/w_n155_n174# |(no matching net)                          
  sg13_lv_pmos/4 = 1                       |                                           
                                           |                                           
Net: sg13_lv_pmos_NJKCVT:XMp3/w_n155_n174# |(no matching net)                          
  sg13_lv_pmos/4 = 1                       |                                           
                                           |                                           
Net: sg13_lv_pmos_NJKCVT:XMp4/w_n155_n174# |(no matching net)                          
  sg13_lv_pmos/4 = 1                       |                                           
                                           |                                           
Net: sg13_lv_pmos_ESLPQL:XM1/w_n230_n162#  |(no matching net)                          
  sg13_lv_pmos/4 = 1                       |                                           
                                           |                                           
Net: sg13_lv_pmos_ESLPQL:XM7/w_n230_n162#  |(no matching net)                          
  sg13_lv_pmos/4 = 1                       |                                           
                                           |                                           
Net: sg13_lv_pmos_NJKCVT:XMp5/w_n155_n174# |(no matching net)                          
  sg13_lv_pmos/4 = 1                       |                                           
                                           |                                           
Net: sg13_lv_pmos_NJKCVT:XMp8/w_n155_n174# |(no matching net)                          
  sg13_lv_pmos/4 = 1                       |                                           
                                           |                                           
Net: sg13_lv_pmos_XN8759:XM3/w_n143_n112#  |(no matching net)                          
  sg13_lv_pmos/4 = 1                       |                                           
                                           |                                           
Net: XM2/D                                 |(no matching net)                          
  sg13_lv_nmos/(1|3) = 1                   |                                           
                                           |                                           
Net: XM3/S                                 |(no matching net)                          
  sg13_lv_pmos/(1|3) = 2                   |                                           
                                           |                                           
Net: XM4/D                                 |(no matching net)                          
  sg13_lv_nmos/(1|3) = 2                   |                                           
                                           |                                           
Net: XMp3/S                                |(no matching net)                          
  sg13_lv_pmos/(1|3) = 4                   |                                           
                                           |                                           
Net: XM6/G                                 |(no matching net)                          
  sg13_lv_nmos/2 = 3                       |                                           
  sg13_lv_nmos/(1|3) = 1                   |                                           
                                           |                                           
Net: XMp4/G                                |(no matching net)                          
  sg13_lv_pmos/2 = 2                       |                                           
  sg13_lv_nmos/2 = 2                       |                                           
                                           |                                           
Net: XM7/G                                 |(no matching net)                          
  sg13_lv_pmos/2 = 2                       |                                           
  sg13_lv_nmos/(1|3) = 1                   |                                           
  sg13_lv_pmos/(1|3) = 1                   |                                           
---------------------------------------------------------------------------------------

---------------------------------------------------------------------------------------
Net: vctrl                                 |Net: vbn                                   
  rhigh/(1|2) = 2                          |  rhigh/(1|2) = 1                          
  sg13_lv_nmos/2 = 3                       |  sg13_lv_nmos/2 = 3                       
                                           |  sg13_lv_nmos/(1|3) = 1                   
---------------------------------------------------------------------------------------
DEVICE mismatches: Class fragments follow (with node fanout counts):
Circuit 1: pll_analog                      |Circuit 2: pll_top                         

---------------------------------------------------------------------------------------
Instance: sg13_lv_pmos_NJKCVT:XMp1/sg13_lv |Instance: sg13_lv_pmos:Mp2                 
  (1,3) = (4,4)                            |  (1,3) = (6,2)                            
  2 = 1                                    |  2 = 4                                    
  4 = 1                                    |  4 = 24                                   
                                           |                                           
Instance: sg13_lv_pmos_NJKCVT:XMp2/sg13_lv |Instance: sg13_lv_pmos:Mp1                 
  (1,3) = (1,1)                            |  (1,3) = (4,2)                            
  2 = 1                                    |  2 = 4                                    
  4 = 1                                    |  4 = 24                                   
                                           |                                           
Instance: sg13_lv_pmos_NJKCVT:XMp3/sg13_lv |Instance: sg13_lv_pmos:Mp3                 
  (1,3) = (4,4)                            |  (1,3) = (4,2)                            
  2 = 4                                    |  2 = 6                                    
  4 = 1                                    |  4 = 24                                   
                                           |                                           
Instance: sg13_lv_pmos_NJKCVT:XMp4/sg13_lv |Instance: sg13_lv_pmos:Mp4                 
  (1,3) = (13,1)                           |  (1,3) = (24,2)                           
  2 = 4                                    |  2 = 6                                    
  4 = 1                                    |  4 = 24                                   
                                           |                                           
Instance: sg13_lv_pmos_ESLPQL:XM1/sg13_lv_ |Instance: sg13_lv_pmos:Mp5                 
  (1,3) = (13,2)                           |  (1,3) = (24,2)                           
  2 = 4                                    |  2 = 6                                    
  4 = 1                                    |  4 = 24                                   
                                           |                                           
Instance: sg13_lv_pmos_ESLPQL:XM7/sg13_lv_ |Instance: sg13_lv_pmos:Mp6                 
  (1,3) = (13,4)                           |  (1,3) = (24,2)                           
  2 = 4                                    |  2 = 6                                    
  4 = 1                                    |  4 = 24                                   
                                           |                                           
Instance: sg13_lv_nmos_RUYN9Y:XMn1/sg13_lv |Instance: sg13_lv_pmos:Mp7                 
  (1,3) = (1,1)                            |  (1,3) = (24,2)                           
  2 = 1                                    |  2 = 6                                    
  4 = 25                                   |  4 = 24                                   
                                           |                                           
Instance: sg13_lv_nmos_RUYN9Y:XMn2/sg13_lv |Instance: sg13_lv_pmos:Mp8                 
  (1,3) = (1,1)                            |  (1,3) = (24,6)                           
  2 = 4                                    |  2 = 6                                    
  4 = 25                                   |  4 = 24                                   
                                           |                                           
Instance: sg13_lv_nmos_RUYN9Y:XMn4/sg13_lv |Instance: sg13_lv_nmos:Mn2                 
  (1,3) = (25,1)                           |  (1,3) = (6,2)                            
  2 = 4                                    |  2 = 4                                    
  4 = 25                                   |  4 = 27                                   
                                           |                                           
Instance: sg13_lv_nmos_WRM2S2:XM4/sg13_lv_ |Instance: sg13_lv_nmos:Mn1                 
  (1,3) = (25,2)                           |  (1,3) = (4,2)                            
  2 = 4                                    |  2 = 4                                    
  4 = 25                                   |  4 = 27                                   
                                           |                                           
Instance: sg13_lv_nmos_WRM2S2:XM5/sg13_lv_ |Instance: sg13_lv_nmos:Mn3                 
  (1,3) = (25,4)                           |  (1,3) = (4,2)                            
  2 = 4                                    |  2 = 6                                    
  4 = 25                                   |  4 = 27                                   
                                           |                                           
Instance: sg13_lv_nmos_WRM2S2:XM6/sg13_lv_ |Instance: sg13_lv_nmos:Mn4                 
  (1,3) = (25,4)                           |  (1,3) = (27,2)                           
  2 = 4                                    |  2 = 6                                    
  4 = 25                                   |  4 = 27                                   
                                           |                                           
Instance: sg13_lv_nmos_RUYN9Y:XMn5/sg13_lv |Instance: sg13_lv_nmos:Mn5                 
  (1,3) = (25,25)                          |  (1,3) = (27,2)                           
  2 = 5                                    |  2 = 8                                    
  4 = 25                                   |  4 = 27                                   
                                           |                                           
Instance: sg13_lv_nmos_RUYN9Y:XMn7/sg13_lv |Instance: sg13_lv_nmos:Mn6                 
  (1,3) = (25,1)                           |  (1,3) = (27,2)                           
  2 = 5                                    |  2 = 8                                    
  4 = 25                                   |  4 = 27                                   
                                           |                                           
Instance: cap_cmim_4SFK5Q:XC1/cap_cmim:0   |Instance: sg13_lv_nmos:Mn7                 
  1 = 1                                    |  (1,3) = (27,2)                           
  2 = 25                                   |  2 = 8                                    
                                           |  4 = 27                                   
                                           |                                           
                                           |                                           
(no matching instance)                     |Instance: sg13_lv_nmos:Mn8                 
                                           |  (1,3) = (27,6)                           
                                           |  2 = 8                                    
                                           |  4 = 27                                   
                                           |                                           
                                           |                                           
(no matching instance)                     |Instance: sg13_lv_nmos:M4                  
                                           |  (1,3) = (27,3)                           
                                           |  2 = 5                                    
                                           |  4 = 27                                   
                                           |                                           
                                           |                                           
(no matching instance)                     |Instance: sg13_lv_nmos:M6                  
                                           |  (1,3) = (27,5)                           
                                           |  2 = 5                                    
                                           |  4 = 27                                   
                                           |                                           
                                           |                                           
(no matching instance)                     |Instance: cap_cmim:C1                      
                                           |  1 = 2                                    
                                           |  2 = 27                                   
                                           |                                           
(no matching instance)                     |Instance: cap_cmim:C2                      
                                           |  1 = 8                                    
                                           |  2 = 27                                   
---------------------------------------------------------------------------------------

---------------------------------------------------------------------------------------
Instance: rhigh_R1_snake:XR1/rhigh:0       |Instance: rhigh:R2                         
  (1,2) = (5,5)                            |  (1,2) = (24,5)                           
  3 = 25                                   |  3 = 27                                   
---------------------------------------------------------------------------------------
Netlists do not match.
Port matching may fail to disambiguate symmetries.

Subcircuit pins:
Circuit 1: pll_analog                      |Circuit 2: pll_top                         
-------------------------------------------|-------------------------------------------
VPWR                                       |(no pin, node is net4)                     
Cell pin lists are equivalent.
Device classes pll_analog and pll_top are equivalent.

Final result: Netlists do not match.
Port matching may fail to disambiguate symmetries.

The following cells had property errors:
 sg13g2_dfrbpq_1
 sg13g2_and2_1
 sg13g2_inv_1
