
Magic 8.3 revision 681 - Compiled on Tue Aug 25 11:50:23 AM CEST 2026.
Starting magic under Tcl interpreter
Using the terminal as the console.
WARNING: RLIMIT_NOFILE is above 1024 and Tcl_Version<9 this may cause runtime issues [rlim_cur=1048576]
Using NULL graphics device.
Processing system .magicrc file
Switching to WIRING tool.
Switching to NETLIST tool.
Switching to PICK tool.
Switching to BOX tool.
Sourcing design .magicrc for technology ihp-sg13g2 ...
2 Magic internal units = 1 Lambda
Input style sg13g2(): scaleFactor=2, multiplier=2
The following types are not handled by extraction and will be treated as non-electrical types:
    pblock sealcont difffill nemitter hvnemitter hvisodiffres sealvia1 sealvia2 sealvia3 sealvia4 sealvia5 sealvia6 pillar solder seal glass thruvia inductor 
Scaled tech values by 2 / 1 to match internal grid scaling
Loading ihp-sg13g2 Device Generator Menu ...
Loading "extract_lvs.tcl" from command line.
Cell pll_analog read from current working directory
Cell sg13g2_dfrbpq_1 read from current working directory
Cell sg13g2_and2_1 read from current working directory
Cell sg13g2_inv_1 read from current working directory
Cell sg13_lv_pmos_ESLPQL read from current working directory
Cell sg13_lv_nmos_VQD2M8 read from current working directory
Cell sg13_lv_pmos_XN8759 read from current working directory
Cell sg13_lv_nmos_WRM2S2 read from current working directory
Cell rhigh_R2_snake read from current working directory
Cell cap_cmim_4SFK5Q read from current working directory
Scaled magic input cell cap_cmim_4SFK5Q geometry by factor of 2
Cell cap_cmim_ZNKAVF read from current working directory
Scaled magic input cell cap_cmim_ZNKAVF geometry by factor of 2
Cell sg13_lv_nmos_RUYN9Y read from current working directory
Cell sg13_lv_pmos_NJKCVT read from current working directory
Cell rhigh_R1_snake read from current working directory
Extracting sg13g2_dfrbpq_1 into sg13g2_dfrbpq_1.ext:
Processing sg13g2_dfrbpq_1
Extracting sg13g2_and2_1 into sg13g2_and2_1.ext:
Processing sg13g2_and2_1
Extracting sg13g2_inv_1 into sg13g2_inv_1.ext:
Processing sg13g2_inv_1
Extracting sg13_lv_pmos_ESLPQL into sg13_lv_pmos_ESLPQL.ext:
Processing sg13_lv_pmos_ESLPQL
Extracting sg13_lv_nmos_VQD2M8 into sg13_lv_nmos_VQD2M8.ext:
Processing sg13_lv_nmos_VQD2M8
Extracting sg13_lv_pmos_XN8759 into sg13_lv_pmos_XN8759.ext:
Processing sg13_lv_pmos_XN8759
Extracting sg13_lv_nmos_WRM2S2 into sg13_lv_nmos_WRM2S2.ext:
Processing sg13_lv_nmos_WRM2S2
Extracting rhigh_R2_snake into rhigh_R2_snake.ext:
Processing rhigh_R2_snake
rhigh_R2_snake: 1 warning
Extracting cap_cmim_4SFK5Q into cap_cmim_4SFK5Q.ext:
Processing cap_cmim_4SFK5Q
Extracting cap_cmim_ZNKAVF into cap_cmim_ZNKAVF.ext:
Processing cap_cmim_ZNKAVF
Extracting sg13_lv_nmos_RUYN9Y into sg13_lv_nmos_RUYN9Y.ext:
Processing sg13_lv_nmos_RUYN9Y
Extracting sg13_lv_pmos_NJKCVT into sg13_lv_pmos_NJKCVT.ext:
Processing sg13_lv_pmos_NJKCVT
Extracting rhigh_R1_snake into rhigh_R1_snake.ext:
Processing rhigh_R1_snake
rhigh_R1_snake: 1 warning
Extracting pll_analog into pll_analog.ext:
Processing pll_analog
Total of 2 warnings.
exttospice finished.
EXTRACT_DONE
Wrong number of arguments for "feedback" command.
Type ":feedback help" for help.
FB_ERROR=
Wrong number of arguments for "feedback" command.
Type ":feedback help" for help.
FB_WARNING=
