
Magic 8.3 revision 681 - Compiled on Tue Aug 25 11:50:23 AM CEST 2026.
Starting magic under Tcl interpreter
Using the terminal as the console.
WARNING: RLIMIT_NOFILE is above 1024 and Tcl_Version<9 this may cause runtime issues [rlim_cur=1048576]
Using NULL graphics device.
Processing system .magicrc file
Switching to WIRING tool.
Switching to NETLIST tool.
Switching to PICK tool.
Switching to BOX tool.
Sourcing design .magicrc for technology ihp-sg13g2 ...
2 Magic internal units = 1 Lambda
Input style sg13g2(): scaleFactor=2, multiplier=2
The following types are not handled by extraction and will be treated as non-electrical types:
    pblock sealcont difffill nemitter hvnemitter hvisodiffres sealvia1 sealvia2 sealvia3 sealvia4 sealvia5 sealvia6 pillar solder seal glass thruvia inductor 
Scaled tech values by 2 / 1 to match internal grid scaling
Loading ihp-sg13g2 Device Generator Menu ...
Loading "relayout_sections.tcl" from command line.
Cell pll_analog read from current working directory
Cell sg13g2_dfrbpq_1 read from current working directory
Cell sg13g2_and2_1 read from current working directory
Cell sg13g2_inv_1 read from current working directory
Cell sg13_lv_pmos_ESLPQL read from current working directory
Cell sg13_lv_nmos_VQD2M8 read from current working directory
Cell sg13_lv_pmos_XN8759 read from current working directory
Cell sg13_lv_nmos_WRM2S2 read from current working directory
Cell sg13_lv_nmos_RUYN9Y read from current working directory
Cell sg13_lv_pmos_NJKCVT read from current working directory
Cell cap_cmim_4SFK5Q read from current working directory
Scaled magic input cell cap_cmim_4SFK5Q geometry by factor of 2
Cell cap_cmim_ZNKAVF read from current working directory
Scaled magic input cell cap_cmim_ZNKAVF geometry by factor of 2
Cell rhigh_R1_snake read from current working directory
Cell rhigh_R2_snake read from current working directory
Root cell box:
           width x height  (   llx,  lly  ), (   urx,  ury  )  area (units^2)

microns:  95.000 x 55.000  (-5.000, -25.000), ( 90.000,  30.000)  5225.000  
lambda:   9500.00 x 5500.00  (-500.00, -2500.00), ( 9000.00,  3000.00)  52250000.00
internal:  19000 x 11000   ( -1000, -5000 ), ( 18000,  6000 )  209000000 
=== PFD (stdcells, left) ===
Root cell box:
           width x height  (   llx,  lly  ), (   urx,  ury  )  area (units^2)

microns:   0.050 x 0.050   ( 0.000,  4.800), ( 0.050,  4.850)  0.002     
lambda:     5.00 x 5.00    (  0.00,  480.00), (  5.00,  485.00)  25.00     
internal:     10 x 10      (     0,  960  ), (    10,  970  )  100       
  x1     sg13g2_dfrbpq_1        @   0.00,   4.80
Root cell box:
           width x height  (   llx,  lly  ), (   urx,  ury  )  area (units^2)

microns:   0.050 x 0.050   ( 0.000,  0.000), ( 0.050,  0.050)  0.002     
lambda:     5.00 x 5.00    (  0.00,  0.00 ), (  5.00,  5.00 )  25.00     
internal:     10 x 10      (     0,  0    ), (    10,  10   )  100       
  x2     sg13g2_dfrbpq_1        @   0.00,   0.00
Root cell box:
           width x height  (   llx,  lly  ), (   urx,  ury  )  area (units^2)

microns:   0.050 x 0.050   ( 13.800,  2.400), ( 13.850,  2.450)  0.002     
lambda:     5.00 x 5.00    ( 1380.00,  240.00), ( 1385.00,  245.00)  25.00     
internal:     10 x 10      (  2760,  480  ), (  2770,  490  )  100       
  x3     sg13g2_and2_1          @  13.80,   2.40
Root cell box:
           width x height  (   llx,  lly  ), (   urx,  ury  )  area (units^2)

microns:   0.050 x 0.050   ( 17.200,  4.800), ( 17.250,  4.850)  0.002     
lambda:     5.00 x 5.00    ( 1720.00,  480.00), ( 1725.00,  485.00)  25.00     
internal:     10 x 10      (  3440,  960  ), (  3450,  970  )  100       
  x4     sg13g2_inv_1           @  17.20,   4.80
=== CP switches ===
Root cell box:
           width x height  (   llx,  lly  ), (   urx,  ury  )  area (units^2)

microns:   0.050 x 0.050   ( 22.000,  9.000), ( 22.050,  9.050)  0.002     
lambda:     5.00 x 5.00    ( 2200.00,  900.00), ( 2205.00,  905.00)  25.00     
internal:     10 x 10      (  4400,  1800 ), (  4410,  1810 )  100       
  XM1    sg13_lv_pmos_ESLPQL    @  22.00,   9.00
Root cell box:
           width x height  (   llx,  lly  ), (   urx,  ury  )  area (units^2)

microns:   0.050 x 0.050   ( 22.000,  5.000), ( 22.050,  5.050)  0.002     
lambda:     5.00 x 5.00    ( 2200.00,  500.00), ( 2205.00,  505.00)  25.00     
internal:     10 x 10      (  4400,  1000 ), (  4410,  1010 )  100       
  XM3    sg13_lv_pmos_XN8759    @  22.00,   5.00
Root cell box:
           width x height  (   llx,  lly  ), (   urx,  ury  )  area (units^2)

microns:   0.050 x 0.050   ( 22.000,  1.000), ( 22.050,  1.050)  0.002     
lambda:     5.00 x 5.00    ( 2200.00,  100.00), ( 2205.00,  105.00)  25.00     
internal:     10 x 10      (  4400,  200  ), (  4410,  210  )  100       
  XM2    sg13_lv_nmos_VQD2M8    @  22.00,   1.00
Root cell box:
           width x height  (   llx,  lly  ), (   urx,  ury  )  area (units^2)

microns:   0.050 x 0.050   ( 22.000, -3.000), ( 22.050, -2.950)  0.002     
lambda:     5.00 x 5.00    ( 2200.00, -300.00), ( 2205.00, -295.00)  25.00     
internal:     10 x 10      (  4400, -600  ), (  4410, -590  )  100       
  XM4    sg13_lv_nmos_WRM2S2    @  22.00,  -3.00
=== Bias (R2 + mirrors, under PFD/CP) ===
Root cell box:
           width x height  (   llx,  lly  ), (   urx,  ury  )  area (units^2)

microns:   0.050 x 0.050   ( 10.600, -10.000), ( 10.650, -9.950)  0.002     
lambda:     5.00 x 5.00    ( 1060.00, -1000.00), ( 1065.00, -995.00)  25.00     
internal:     10 x 10      (  2120, -2000 ), (  2130, -1990 )  100       
  XR2    rhigh_R2_snake         @  10.60, -10.00
Root cell box:
           width x height  (   llx,  lly  ), (   urx,  ury  )  area (units^2)

microns:   0.050 x 0.050   ( 24.000, -3.000), ( 24.050, -2.950)  0.002     
lambda:     5.00 x 5.00    ( 2400.00, -300.00), ( 2405.00, -295.00)  25.00     
internal:     10 x 10      (  4800, -600  ), (  4810, -590  )  100       
  XM6    sg13_lv_nmos_WRM2S2    @  24.00,  -3.00
Root cell box:
           width x height  (   llx,  lly  ), (   urx,  ury  )  area (units^2)

microns:   0.050 x 0.050   ( 28.500, -3.000), ( 28.550, -2.950)  0.002     
lambda:     5.00 x 5.00    ( 2850.00, -300.00), ( 2855.00, -295.00)  25.00     
internal:     10 x 10      (  5700, -600  ), (  5710, -590  )  100       
  XM5    sg13_lv_nmos_WRM2S2    @  28.50,  -3.00
Root cell box:
           width x height  (   llx,  lly  ), (   urx,  ury  )  area (units^2)

microns:   0.050 x 0.050   ( 33.000, -3.000), ( 33.050, -2.950)  0.002     
lambda:     5.00 x 5.00    ( 3300.00, -300.00), ( 3305.00, -295.00)  25.00     
internal:     10 x 10      (  6600, -600  ), (  6610, -590  )  100       
  XM7    sg13_lv_pmos_ESLPQL    @  33.00,  -3.00
=== Loop filter (R1, C1, C2) ===
Root cell box:
           width x height  (   llx,  lly  ), (   urx,  ury  )  area (units^2)

microns:   0.050 x 0.050   ( 36.000,  0.000), ( 36.050,  0.050)  0.002     
lambda:     5.00 x 5.00    ( 3600.00,  0.00 ), ( 3605.00,  5.00 )  25.00     
internal:     10 x 10      (  7200,  0    ), (  7210,  10   )  100       
  XC1    cap_cmim_4SFK5Q        @  36.00,   0.00
Root cell box:
           width x height  (   llx,  lly  ), (   urx,  ury  )  area (units^2)

microns:   0.050 x 0.050   ( 54.000, -1.000), ( 54.050, -0.950)  0.002     
lambda:     5.00 x 5.00    ( 5400.00, -100.00), ( 5405.00, -95.00)  25.00     
internal:     10 x 10      ( 10800, -200  ), ( 10810, -190  )  100       
  XC2    cap_cmim_ZNKAVF        @  54.00,  -1.00
Root cell box:
           width x height  (   llx,  lly  ), (   urx,  ury  )  area (units^2)

microns:   0.050 x 0.050   ( 46.580,  23.835), ( 46.630,  23.885)  0.002     
lambda:     5.00 x 5.00    ( 4658.00,  2383.50), ( 4663.00,  2388.50)  25.00     
internal:     10 x 10      (  9316,  4767 ), (  9326,  4777 )  100       
  XR1    rhigh_R1_snake         @  46.58,  23.84
=== VCO (starved ring columns, schematic L→R) ===
Root cell box:
           width x height  (   llx,  lly  ), (   urx,  ury  )  area (units^2)

microns:   0.050 x 0.050   ( 60.000,  7.200), ( 60.050,  7.250)  0.002     
lambda:     5.00 x 5.00    ( 6000.00,  720.00), ( 6005.00,  725.00)  25.00     
internal:     10 x 10      ( 12000,  1440 ), ( 12010,  1450 )  100       
  XMp8   sg13_lv_pmos_NJKCVT    @  60.00,   7.20
Root cell box:
           width x height  (   llx,  lly  ), (   urx,  ury  )  area (units^2)

microns:   0.050 x 0.050   ( 60.000, -0.800), ( 60.050, -0.750)  0.002     
lambda:     5.00 x 5.00    ( 6000.00, -80.00), ( 6005.00, -75.00)  25.00     
internal:     10 x 10      ( 12000, -160  ), ( 12010, -150  )  100       
  XMn8   sg13_lv_nmos_RUYN9Y    @  60.00,  -0.80
Root cell box:
           width x height  (   llx,  lly  ), (   urx,  ury  )  area (units^2)

microns:   0.050 x 0.050   ( 64.500,  7.200), ( 64.550,  7.250)  0.002     
lambda:     5.00 x 5.00    ( 6450.00,  720.00), ( 6455.00,  725.00)  25.00     
internal:     10 x 10      ( 12900,  1440 ), ( 12910,  1450 )  100       
  XMp7   sg13_lv_pmos_NJKCVT    @  64.50,   7.20
Root cell box:
           width x height  (   llx,  lly  ), (   urx,  ury  )  area (units^2)

microns:   0.050 x 0.050   ( 64.500,  3.200), ( 64.550,  3.250)  0.002     
lambda:     5.00 x 5.00    ( 6450.00,  320.00), ( 6455.00,  325.00)  25.00     
internal:     10 x 10      ( 12900,  640  ), ( 12910,  650  )  100       
  XMp3   sg13_lv_pmos_NJKCVT    @  64.50,   3.20
Root cell box:
           width x height  (   llx,  lly  ), (   urx,  ury  )  area (units^2)

microns:   0.050 x 0.050   ( 64.500, -0.800), ( 64.550, -0.750)  0.002     
lambda:     5.00 x 5.00    ( 6450.00, -80.00), ( 6455.00, -75.00)  25.00     
internal:     10 x 10      ( 12900, -160  ), ( 12910, -150  )  100       
  XMn3   sg13_lv_nmos_RUYN9Y    @  64.50,  -0.80
Root cell box:
           width x height  (   llx,  lly  ), (   urx,  ury  )  area (units^2)

microns:   0.050 x 0.050   ( 64.500, -4.800), ( 64.550, -4.750)  0.002     
lambda:     5.00 x 5.00    ( 6450.00, -480.00), ( 6455.00, -475.00)  25.00     
internal:     10 x 10      ( 12900, -960  ), ( 12910, -950  )  100       
  XMn7   sg13_lv_nmos_RUYN9Y    @  64.50,  -4.80
Root cell box:
           width x height  (   llx,  lly  ), (   urx,  ury  )  area (units^2)

microns:   0.050 x 0.050   ( 69.000,  7.200), ( 69.050,  7.250)  0.002     
lambda:     5.00 x 5.00    ( 6900.00,  720.00), ( 6905.00,  725.00)  25.00     
internal:     10 x 10      ( 13800,  1440 ), ( 13810,  1450 )  100       
  XMp6   sg13_lv_pmos_NJKCVT    @  69.00,   7.20
Root cell box:
           width x height  (   llx,  lly  ), (   urx,  ury  )  area (units^2)

microns:   0.050 x 0.050   ( 69.000,  3.200), ( 69.050,  3.250)  0.002     
lambda:     5.00 x 5.00    ( 6900.00,  320.00), ( 6905.00,  325.00)  25.00     
internal:     10 x 10      ( 13800,  640  ), ( 13810,  650  )  100       
  XMp1   sg13_lv_pmos_NJKCVT    @  69.00,   3.20
Root cell box:
           width x height  (   llx,  lly  ), (   urx,  ury  )  area (units^2)

microns:   0.050 x 0.050   ( 69.000, -0.800), ( 69.050, -0.750)  0.002     
lambda:     5.00 x 5.00    ( 6900.00, -80.00), ( 6905.00, -75.00)  25.00     
internal:     10 x 10      ( 13800, -160  ), ( 13810, -150  )  100       
  XMn1   sg13_lv_nmos_RUYN9Y    @  69.00,  -0.80
Root cell box:
           width x height  (   llx,  lly  ), (   urx,  ury  )  area (units^2)

microns:   0.050 x 0.050   ( 69.000, -4.800), ( 69.050, -4.750)  0.002     
lambda:     5.00 x 5.00    ( 6900.00, -480.00), ( 6905.00, -475.00)  25.00     
internal:     10 x 10      ( 13800, -960  ), ( 13810, -950  )  100       
  XMn5   sg13_lv_nmos_RUYN9Y    @  69.00,  -4.80
Root cell box:
           width x height  (   llx,  lly  ), (   urx,  ury  )  area (units^2)

microns:   0.050 x 0.050   ( 73.500,  7.200), ( 73.550,  7.250)  0.002     
lambda:     5.00 x 5.00    ( 7350.00,  720.00), ( 7355.00,  725.00)  25.00     
internal:     10 x 10      ( 14700,  1440 ), ( 14710,  1450 )  100       
  XMp5   sg13_lv_pmos_NJKCVT    @  73.50,   7.20
Root cell box:
           width x height  (   llx,  lly  ), (   urx,  ury  )  area (units^2)

microns:   0.050 x 0.050   ( 73.500,  3.200), ( 73.550,  3.250)  0.002     
lambda:     5.00 x 5.00    ( 7350.00,  320.00), ( 7355.00,  325.00)  25.00     
internal:     10 x 10      ( 14700,  640  ), ( 14710,  650  )  100       
  XMp2   sg13_lv_pmos_NJKCVT    @  73.50,   3.20
Root cell box:
           width x height  (   llx,  lly  ), (   urx,  ury  )  area (units^2)

microns:   0.050 x 0.050   ( 73.500, -0.800), ( 73.550, -0.750)  0.002     
lambda:     5.00 x 5.00    ( 7350.00, -80.00), ( 7355.00, -75.00)  25.00     
internal:     10 x 10      ( 14700, -160  ), ( 14710, -150  )  100       
  XMn2   sg13_lv_nmos_RUYN9Y    @  73.50,  -0.80
Root cell box:
           width x height  (   llx,  lly  ), (   urx,  ury  )  area (units^2)

microns:   0.050 x 0.050   ( 73.500, -4.800), ( 73.550, -4.750)  0.002     
lambda:     5.00 x 5.00    ( 7350.00, -480.00), ( 7355.00, -475.00)  25.00     
internal:     10 x 10      ( 14700, -960  ), ( 14710, -950  )  100       
  XMn6   sg13_lv_nmos_RUYN9Y    @  73.50,  -4.80
Root cell box:
           width x height  (   llx,  lly  ), (   urx,  ury  )  area (units^2)

microns:   0.050 x 0.050   ( 78.000,  3.200), ( 78.050,  3.250)  0.002     
lambda:     5.00 x 5.00    ( 7800.00,  320.00), ( 7805.00,  325.00)  25.00     
internal:     10 x 10      ( 15600,  640  ), ( 15610,  650  )  100       
  XMp4   sg13_lv_pmos_NJKCVT    @  78.00,   3.20
Root cell box:
           width x height  (   llx,  lly  ), (   urx,  ury  )  area (units^2)

microns:   0.050 x 0.050   ( 78.000, -0.800), ( 78.050, -0.750)  0.002     
lambda:     5.00 x 5.00    ( 7800.00, -80.00), ( 7805.00, -75.00)  25.00     
internal:     10 x 10      ( 15600, -160  ), ( 15610, -150  )  100       
  XMn4   sg13_lv_nmos_RUYN9Y    @  78.00,  -0.80
=== Pin labels (no decorative section tags) ===
Root cell box:
           width x height  (   llx,  lly  ), (   urx,  ury  )  area (units^2)

microns:   1.000 x 1.000   (-2.000,  6.500), (-1.000,  7.500)  1.000     
lambda:   100.00 x 100.00  (-200.00,  650.00), (-100.00,  750.00)  10000.00  
internal:    200 x 200     (  -400,  1300 ), (  -200,  1500 )  40000     
Moving label "clk_ref_gate" from space to metal1 in cell pll_analog.
Root cell box:
           width x height  (   llx,  lly  ), (   urx,  ury  )  area (units^2)

microns:   1.000 x 1.000   (-2.000,  1.500), (-1.000,  2.500)  1.000     
lambda:   100.00 x 100.00  (-200.00,  150.00), (-100.00,  250.00)  10000.00  
internal:    200 x 200     (  -400,  300  ), (  -200,  500  )  40000     
Moving label "vco_out_div" from space to metal1 in cell pll_analog.
Root cell box:
           width x height  (   llx,  lly  ), (   urx,  ury  )  area (units^2)

microns:   1.000 x 1.000   ( 20.000,  12.500), ( 21.000,  13.500)  1.000     
lambda:   100.00 x 100.00  ( 2000.00,  1250.00), ( 2100.00,  1350.00)  10000.00  
internal:    200 x 200     (  4000,  2500 ), (  4200,  2700 )  40000     
Moving label "VPWR" from space to metal1 in cell pll_analog.
Root cell box:
           width x height  (   llx,  lly  ), (   urx,  ury  )  area (units^2)

microns:   1.000 x 1.000   ( 20.000, -19.500), ( 21.000, -18.500)  1.000     
lambda:   100.00 x 100.00  ( 2000.00, -1950.00), ( 2100.00, -1850.00)  10000.00  
internal:    200 x 200     (  4000, -3900 ), (  4200, -3700 )  40000     
Moving label "VGND" from space to metal1 in cell pll_analog.
Root cell box:
           width x height  (   llx,  lly  ), (   urx,  ury  )  area (units^2)

microns:   1.000 x 1.000   ( 36.000,  22.500), ( 37.000,  23.500)  1.000     
lambda:   100.00 x 100.00  ( 3600.00,  2250.00), ( 3700.00,  2350.00)  10000.00  
internal:    200 x 200     (  7200,  4500 ), (  7400,  4700 )  40000     
Moving label "vctrl" from space to metal1 in cell pll_analog.
Root cell box:
           width x height  (   llx,  lly  ), (   urx,  ury  )  area (units^2)

microns:   1.000 x 1.000   ( 81.000, -1.000), ( 82.000,  0.000)  1.000     
lambda:   100.00 x 100.00  ( 8100.00, -100.00), ( 8200.00,  0.00 )  10000.00  
internal:    200 x 200     ( 16200, -200  ), ( 16400,  0    )  40000     
Moving label "out" from space to metal1 in cell pll_analog.
BBOX pll_analog  100.5 x 60.5 um  area=6085 um2
DONE
